// Jest Snapshot v1, https://goo.gl/fbAQLP

exports[`#render should rendering dom. 1`] = `
<body>
  <div>
    <div
      id="root"
    >
      <h1>
        Hello world
      </h1>
      <h2
        style="display: flex; justify-content: center;"
      >
        Style
      </h2>
      <h3
        class="test-foo"
      >
        className
      </h3>
      <h4>
        someString
      </h4>
      <div>
        <span>
          ref innerHTML
        </span>
      </div>
      <div>
        <div>
          child component 
          props.name
        </div>
        Hello 
        <div>
          world
        </div>
        <div>
          child component end
        </div>
      </div>
      <div>
        <div>
          child component 
          array children
        </div>
        <ul>
          <li>
            foo
          </li>
          <li>
            bar
          </li>
          <li>
            hoge
          </li>
        </ul>
        <div>
          child component end
        </div>
      </div>
    </div>
  </div>
</body>
`;
